--------- beginning of /dev/log/system
I/Vold    (  929): Vold 2.1 (the revenge) firing up
D/Vold    (  929): Volume sdcard state changing -1 (Initializing) -> 0 (No-Media)
D/Vold    (  929): Volume sdcard state changing 0 (No-Media) -> 1 (Idle-Unmounted)
I/SystemServer( 1271): Entered the Android system server!
I/SystemServer( 1271): Waiting for installd to be ready.
I/Installer( 1271): connecting...
I/SystemServer( 1271): Power Manager
I/SystemServer( 1271): Activity Manager
I/SystemServer( 1271): Enabled StrictMode logging for WM Looper
I/ActivityManager( 1271): Memory class: 64
W/UsageStats( 1271): Usage stats version changed; dropping
I/UiThread( 1271): Enabled StrictMode logging for UI thread
I/IntentFirewall( 1271): Read new rules (A:0 B:0 S:0)
I/SystemServer( 1271): Display Manager
I/SystemServer( 1271): Telephony Registry
I/SystemServer( 1271): Scheduling Policy
I/DisplayManagerService( 1271): Display device added: DisplayDeviceInfo{"Built-in Screen": 768 x 1280, 60.000004 fps, density 320, 320.0 x 320.0 dpi, touch INTERNAL, rotation 0, type BUILT_IN, FLAG_DEFAULT_DISPLAY, FLAG_ROTATES_WITH_CONTENT, FLAG_SECURE, FLAG_SUPPORTS_PROTECTED_BUFFERS}
I/ActivityManager( 1271): Enabled StrictMode logging for AThread's Looper
I/SystemServer( 1271): Package Manager
D/SELinuxMMAC( 1271): Couldn't find install policy /data/security/mac_permissions.xml
D/SELinuxMMAC( 1271): Using install policy file /system/etc/security/mac_permissions.xml
W/PackageManager( 1271): Running ENG build: no pre-dexopt!
W/PackageParser( 1271): No actions in intent filter at /system/priv-app/Contacts.apk Binary XML file line #375
W/PackageParser( 1271): No actions in intent filter at /system/priv-app/Dialer.apk Binary XML file line #162
W/PackageParser( 1271): No actions in intent filter at /data/app/ApiDemos.apk Binary XML file line #2899
W/PackageParser( 1271): No actions in intent filter at /data/app/ApiDemos.apk Binary XML file line #2905
W/PackageManager( 1271): Package com.example.android.apis desires unavailable shared library com.example.will.never.exist; ignoring!
W/PackageManager( 1271): Package com.example.android.apis desires unavailable shared library com.example.will.never.exist; ignoring!
I/PackageManager( 1271): Time to scan packages: 0.977 seconds
W/PackageManager( 1271): Not granting permission android.permission.GLOBAL_SEARCH to package com.android.quicksearchbox (protectionLevel=18 flags=0x8be45)
W/PackageManager( 1271): Unknown permission com.android.smspush.WAPPUSH_MANAGER_BIND in package com.android.phone
W/PackageManager( 1271): Unknown permission com.android.vending.billing.BILLING_ACCOUNT_SERVICE in package com.google.android.gsf.login
W/PackageManager( 1271): Unknown permission com.android.vending.billing.ADD_CREDIT_CARD in package com.google.android.gsf.login
W/PackageManager( 1271): Unknown permission com.android.vending.billing.IBillingAccountService.BIND2 in package com.google.android.gsf.login
W/PackageManager( 1271): Unknown permission com.android.vending.TOS_ACKED in package com.google.android.gsf.login
W/PackageManager( 1271): Unknown permission com.android.chrome.TOS_ACKED in package com.google.android.gsf.login
W/PackageManager( 1271): Not granting permission android.permission.ACCESS_DOWNLOAD_MANAGER to package com.android.browser (protectionLevel=18 flags=0x9be45)
W/PackageManager( 1271): Not granting permission android.permission.SEND_DOWNLOAD_COMPLETED_INTENTS to package com.android.browser (protectionLevel=2 flags=0x9be45)
W/PackageManager( 1271): Not granting permission android.permission.BIND_APPWIDGET to package com.android.widgetpreview (protectionLevel=18 flags=0x8be44)
W/PackageManager( 1271): Unknown permission android.permission.INSTALL_DRM in package com.android.mms
W/PackageManager( 1271): Not granting permission android.permission.DELETE_PACKAGES to package com.svox.pico (protectionLevel=18 flags=0x8be45)
W/PackageManager( 1271): Not granting permission android.permission.DEVICE_POWER to package com.android.deskclock (protectionLevel=2 flags=0x48be45)
W/PackageManager( 1271): Not granting permission android.permission.READ_DREAM_STATE to package com.google.android.gsf (protectionLevel=2 flags=0x40083e45)
I/SystemServer( 1271): Entropy Mixer
I/EntropyMixer( 1271): Writing entropy...
I/SystemServer( 1271): User Service
I/SystemServer( 1271): Account Manager
I/SystemServer( 1271): Content Manager
I/SystemServer( 1271): System Content Providers
I/SystemServer( 1271): Lights Service
I/SystemServer( 1271): Battery Service
I/SystemServer( 1271): Vibrator Service
I/SystemServer( 1271): Consumer IR Service
I/SystemServer( 1271): Alarm Manager
I/SystemServer( 1271): Init Watchdog
I/SystemServer( 1271): Input Manager
I/InputManager( 1271): Initializing input manager, mUseDevInputEventForAudioJack=false
I/SystemServer( 1271): Window Manager
I/WindowManager( 1271): No existing display settings /data/system/display_settings.xml; starting empty
I/WindowManager( 1271): No keyguard interface!
I/InputManager( 1271): Starting input manager
I/SystemServer( 1271): No Bluetooh Service (emulator)
I/SystemServer( 1271): Input Method Service
W/InputMethodManagerService( 1271): Couldn't create dir.: /data/system/inputmethod
I/SystemServer( 1271): Accessibility Manager
W/ActivityManager( 1271): Unable to write /sys/module/lowmemorykiller/parameters/adj
W/ActivityManager( 1271): Unable to write /sys/module/lowmemorykiller/parameters/minfree
I/ActivityManager( 1271): Config changes=1df8 {1.0 ?mcc?mnc en_US ldltr sw384dp w384dp h640dp 320dpi nrml long port ?uimode ?night -touch -keyb/v/h -nav/h s.2}
I/ActivityManager( 1271): Config changes=500 {1.0 ?mcc?mnc en_US ldltr sw384dp w384dp h567dp 320dpi nrml port ?uimode ?night -touch -keyb/v/h -nav/h s.3}
I/SystemServer( 1271): Mount Service
D/MountService( 1271): got storage path: /storage/sdcard description: USB storage primary: true removable: false emulated: false mtpReserve: 0 allowMassStorage: false maxFileSize: 0
D/MountService( 1271): addVolumeLocked() StorageVolume:
D/MountService( 1271):     mStorageId=0 mPath=/storage/sdcard mDescriptionId=17040664 mPrimary=true 
D/MountService( 1271):     mRemovable=false mEmulated=false mMtpReserveSpace=0 
D/MountService( 1271):     mAllowMassStorage=false mMaxFileSize=0 mOwner=null mUuid=null 
D/MountService( 1271):     mUserLabel=null mState=null 
I/SystemServer( 1271): LockSettingsService
I/SystemServer( 1271): Device Policy
I/SystemServer( 1271): Status Bar
I/SystemServer( 1271): Clipboard Service
I/SystemServer( 1271): NetworkManagement Service
I/ActivityManager( 1271): Config changes=38 {1.0 ?mcc?mnc en_US ldltr sw384dp w384dp h567dp 320dpi nrml port ?uimode ?night finger qwerty/v/v -nav/h s.4}
W/MountService( 1271): Duplicate state transition (unmounted -> unmounted) for /storage/sdcard
I/SystemServer( 1271): Text Service Manager Service
I/SystemServer( 1271): NetworkStats Service
W/MountService( 1271): getSecureContainerList() called when storage not mounted
W/PackageManager( 1271): Not granting permission android.permission.GLOBAL_SEARCH to package com.android.quicksearchbox (protectionLevel=18 flags=0x8be45)
W/PackageManager( 1271): Unknown permission com.android.smspush.WAPPUSH_MANAGER_BIND in package com.android.phone
W/PackageManager( 1271): Unknown permission com.android.vending.billing.BILLING_ACCOUNT_SERVICE in package com.google.android.gsf.login
W/PackageManager( 1271): Unknown permission com.android.vending.billing.ADD_CREDIT_CARD in package com.google.android.gsf.login
W/PackageManager( 1271): Unknown permission com.android.vending.billing.IBillingAccountService.BIND2 in package com.google.android.gsf.login
W/PackageManager( 1271): Unknown permission com.android.vending.TOS_ACKED in package com.google.android.gsf.login
W/PackageManager( 1271): Unknown permission com.android.chrome.TOS_ACKED in package com.google.android.gsf.login
W/PackageManager( 1271): Not granting permission android.permission.ACCESS_DOWNLOAD_MANAGER to package com.android.browser (protectionLevel=18 flags=0x9be45)
W/PackageManager( 1271): Not granting permission android.permission.SEND_DOWNLOAD_COMPLETED_INTENTS to package com.android.browser (protectionLevel=2 flags=0x9be45)
W/PackageManager( 1271): Not granting permission android.permission.BIND_APPWIDGET to package com.android.widgetpreview (protectionLevel=18 flags=0x8be44)
W/PackageManager( 1271): Unknown permission android.permission.INSTALL_DRM in package com.android.mms
W/PackageManager( 1271): Not granting permission android.permission.DELETE_PACKAGES to package com.svox.pico (protectionLevel=18 flags=0x8be45)
W/PackageManager( 1271): Not granting permission android.permission.DEVICE_POWER to package com.android.deskclock (protectionLevel=2 flags=0x48be45)
W/PackageManager( 1271): Not granting permission android.permission.READ_DREAM_STATE to package com.google.android.gsf (protectionLevel=2 flags=0x40083e45)
I/SystemServer( 1271): NetworkPolicy Service
I/SystemServer( 1271): Wi-Fi P2pService
I/SystemServer( 1271): Wi-Fi Service
I/SystemServer( 1271): Connectivity Service
D/ConnectivityService( 1271): ConnectivityService starting up
D/ConnectivityService( 1271): wifiOnly=false
E/MobileDataStateTracker( 1271): default: Ignoring feature request because could not acquire PhoneService
E/MobileDataStateTracker( 1271): default: Could not enable APN type "default"
I/WifiService( 1271): WifiService starting up with Wi-Fi disabled
I/SystemServer( 1271): Network Service Discovery Service
D/NsdService( 1271): Network service discovery enabled true
I/SystemServer( 1271): UpdateLock Service
I/SystemServer( 1271): Notification Manager
I/SystemServer( 1271): Device Storage Monitor
I/SystemServer( 1271): Location Manager
I/SystemServer( 1271): Country Detector
I/SystemServer( 1271): Search Service
I/SystemServer( 1271): DropBox Service
I/SystemServer( 1271): Wallpaper Service
I/SystemServer( 1271): Audio Service
I/SystemServer( 1271): Dock Observer
W/DockObserver( 1271): This kernel does not have dock station support
I/SystemServer( 1271): Wired Accessory Manager
W/WiredAccessoryManager( 1271): This kernel does not have wired headset support
W/WiredAccessoryManager( 1271): This kernel does not have usb audio support
W/WiredAccessoryManager( 1271): This kernel does not have HDMI audio support
I/SystemServer( 1271): USB Service
I/SystemServer( 1271): Serial Service
I/SystemServer( 1271): Twilight Service
I/SystemServer( 1271): UI Mode Manager Service
I/SystemServer( 1271): Backup Service
V/BackupManagerService( 1271): Initializing package tracking
V/BackupManagerService( 1271): No ancestral data
V/BackupManagerService( 1271): addPackageParticipantsLocked: all
I/BackupManagerService( 1271): Scheduling backup for new app com.android.calendar
D/BackupManagerService( 1271): Now staging backup of com.android.calendar
I/BackupManagerService( 1271): Scheduling backup for new app com.android.browser
D/BackupManagerService( 1271): Now staging backup of com.android.browser
I/BackupManagerService( 1271): Scheduling backup for new app com.android.providers.userdictionary
D/BackupManagerService( 1271): Now staging backup of com.android.providers.userdictionary
I/BackupManagerService( 1271): Scheduling backup for new app com.android.sharedstoragebackup
D/BackupManagerService( 1271): Now staging backup of com.android.sharedstoragebackup
I/BackupManagerService( 1271): Scheduling backup for new app android
D/BackupManagerService( 1271): Now staging backup of android
I/BackupManagerService( 1271): Scheduling backup for new app com.android.dialer
D/BackupManagerService( 1271): Now staging backup of com.android.dialer
I/BackupManagerService( 1271): Scheduling backup for new app com.android.providers.settings
D/BackupManagerService( 1271): Now staging backup of com.android.providers.settings
V/BackupManagerService( 1271): Starting with transport android/com.android.internal.backup.LocalTransport
V/BackupManagerService( 1271): Found transports: 1
I/BackupManagerService( 1271): Binding to transport host ComponentInfo{android/com.android.internal.backup.LocalTransportService}
I/BackupManagerService( 1271): Found stale backup journal, scheduling
I/BackupManagerService( 1271):   com.android.calendar
I/BackupManagerService( 1271):   com.android.browser
I/BackupManagerService( 1271):   com.android.providers.userdictionary
I/BackupManagerService( 1271):   com.android.sharedstoragebackup
I/BackupManagerService( 1271):   android
I/BackupManagerService( 1271):   com.android.dialer
I/BackupManagerService( 1271):   com.android.providers.settings
I/BackupManagerService( 1271): Backup enabled => true
I/SystemServer( 1271): AppWidget Service
I/SystemServer( 1271): Recognition Service
I/SystemServer( 1271): DiskStats Service
I/SystemServer( 1271): SamplingProfiler Service
I/SystemServer( 1271): NetworkTimeUpdateService
I/SystemServer( 1271): CommonTimeManagementService
I/SystemServer( 1271): CertBlacklister
I/SystemServer( 1271): Dreams Service
I/SystemServer( 1271): Assets Atlas Service
I/SystemServer( 1271): IdleMaintenanceService
I/SystemServer( 1271): Print Service
I/SystemServer( 1271): Media Router Service
I/ActivityManager( 1271): Start proc com.android.systemui for service com.android.keyguard/.KeyguardService: pid=1321 uid=10008 gids={50008, 1028, 1015, 1035, 3002, 3001}
I/ActivityManager( 1271): System now ready
I/SystemServer( 1271): Making services ready
D/NetworkManagementService( 1271): not enabling bandwidth control
I/Vold    (  929): /dev/block/vold/179:0 being considered for volume sdcard
D/Vold    (  929): Volume sdcard state changing 1 (Idle-Unmounted) -> 3 (Checking)
D/MountService( 1271): volume state changed for /storage/sdcard (unmounted -> checking)
D/MountService( 1271): sendStorageIntent Intent { act=android.intent.action.MEDIA_CHECKING dat=file:///storage/sdcard (has extras) } to UserHandle{-1}
W/NetworkStats( 1271): bandwidth controls disabled, unable to track stats
W/NetworkPolicy( 1271): bandwidth controls disabled, unable to enforce policy
I/ActivityManager( 1271): Config changes=200 {1.0 ?mcc?mnc en_US ldltr sw384dp w384dp h567dp 320dpi nrml port finger qwerty/v/v -nav/h s.5}
W/RecognitionManagerService( 1271): no available voice recognition services found for user 0
I/StatusBarManagerService( 1271): registerStatusBar bar=com.android.internal.statusbar.IStatusBar$Stub$Proxy@b10e9410
W/InputMethodManagerService( 1271): Ignoring setImeWindowStatus of uid 1000 token: null
I/ActivityManager( 1271): Start proc com.android.inputmethod.latin for service com.android.inputmethod.latin/.LatinIME: pid=1356 uid=10030 gids={50030, 1028, 1015}
V/InputMethodManagerService( 1271): Adding window token: android.os.Binder@b1383c38
I/ActivityManager( 1271): Start proc com.google.process.location for service com.google.android.gms/com.google.android.location.network.NetworkLocationService: pid=1369 uid=10007 gids={50007, 3003, 1007, 1028, 1015, 3002, 3001, 2001, 3006}
E/LocationManagerService( 1271): No FusedProvider found.
I/ActivityManager( 1271): Start proc com.google.android.gms for broadcast com.google.android.gms/com.google.android.location.internal.NlpNetworkProviderSettingsUpdateReceiver: pid=1382 uid=10007 gids={50007, 3003, 1007, 1028, 1015, 3002, 3001, 2001, 3006}
I/ActivityManager( 1271): Start proc com.android.phone for added application com.android.phone: pid=1401 uid=1001 gids={41001, 3002, 3001, 3003, 1028, 1015}
I/ActivityManager( 1271): START u0 {act=android.intent.action.MAIN cat=[android.intent.category.HOME] flg=0x10000000 cmp=com.android.launcher/com.android.launcher2.Launcher} from pid 0
I/ActivityManager( 1271): Start proc com.android.launcher for activity com.android.launcher/com.android.launcher2.Launcher: pid=1410 uid=10009 gids={50009}
I/SystemServer( 1271): Enabled StrictMode for system server main thread.
W/InputMethodManagerService( 1271): Focus gain on non-focused client android.view.inputmethod.InputMethodManager$1@b132b818 (uid=1000 pid=1271)
I/ActivityManager( 1271): Start proc com.android.printspooler for service com.android.printspooler/.PrintSpoolerService: pid=1423 uid=10042 gids={50042}
V/BackupManagerService( 1271): Connected to transport ComponentInfo{android/com.android.internal.backup.LocalTransportService}
V/BackupManagerService( 1271): Registering transport android/com.android.internal.backup.LocalTransportService::android/com.android.internal.backup.LocalTransport = com.android.internal.backup.LocalTransport@b138d308
I/Vold    (  929): Filesystem check completed OK
D/Vold    (  929): Volume sdcard state changing 3 (Checking) -> 4 (Mounted)
D/MountService( 1271): volume state changed for /storage/sdcard (checking -> mounted)
D/MountService( 1271): sendStorageIntent Intent { act=android.intent.action.MEDIA_MOUNTED dat=file:///storage/sdcard (has extras) } to UserHandle{-1}
E/VoldConnector( 1271): NDC Command {3 volume mount /storage/sdcard} took too long (1151ms)
W/PackageManager( 1271): Not granting permission android.permission.GLOBAL_SEARCH to package com.android.quicksearchbox (protectionLevel=18 flags=0x88be45)
W/PackageManager( 1271): Unknown permission com.android.smspush.WAPPUSH_MANAGER_BIND in package com.android.phone
W/PackageManager( 1271): Unknown permission com.android.vending.billing.BILLING_ACCOUNT_SERVICE in package com.google.android.gsf.login
W/PackageManager( 1271): Unknown permission com.android.vending.billing.ADD_CREDIT_CARD in package com.google.android.gsf.login
W/PackageManager( 1271): Unknown permission com.android.vending.billing.IBillingAccountService.BIND2 in package com.google.android.gsf.login
W/PackageManager( 1271): Unknown permission com.android.vending.TOS_ACKED in package com.google.android.gsf.login
W/PackageManager( 1271): Unknown permission com.android.chrome.TOS_ACKED in package com.google.android.gsf.login
W/PackageManager( 1271): Not granting permission android.permission.ACCESS_DOWNLOAD_MANAGER to package com.android.browser (protectionLevel=18 flags=0x89be45)
W/PackageManager( 1271): Not granting permission android.permission.SEND_DOWNLOAD_COMPLETED_INTENTS to package com.android.browser (protectionLevel=2 flags=0x89be45)
W/PackageManager( 1271): Not granting permission android.permission.BIND_APPWIDGET to package com.android.widgetpreview (protectionLevel=18 flags=0x8be44)
W/PackageManager( 1271): Unknown permission android.permission.INSTALL_DRM in package com.android.mms
I/ActivityManager( 1271): Start proc android.process.acore for content provider com.android.providers.userdictionary/.UserDictionaryProvider: pid=1451 uid=10002 gids={50002, 3003, 1028, 1015}
W/PackageManager( 1271): Not granting permission android.permission.DELETE_PACKAGES to package com.svox.pico (protectionLevel=18 flags=0x88be45)
W/PackageManager( 1271): Not granting permission android.permission.DEVICE_POWER to package com.android.deskclock (protectionLevel=2 flags=0xc8be45)
W/PackageManager( 1271): Not granting permission android.permission.READ_DREAM_STATE to package com.google.android.gsf (protectionLevel=2 flags=0x40883e45)
I/PackageManager( 1271): Adding preferred activity ComponentInfo{com.android.mms/com.android.mms.ui.ComposeMessageActivity} for user 0 :
I/PackageManager( 1271): Adding preferred activity ComponentInfo{com.android.mms/com.android.mms.ui.ComposeMessageActivity} for user 0 :
I/PackageManager( 1271): Adding preferred activity ComponentInfo{com.android.mms/com.android.mms.ui.ComposeMessageActivity} for user 0 :
I/PackageManager( 1271): Adding preferred activity ComponentInfo{com.android.mms/com.android.mms.ui.ComposeMessageActivity} for user 0 :
I/ActivityManager( 1271): Start proc com.google.process.gapps for content provider com.google.android.gsf/.settings.GoogleSettingsProvider: pid=1490 uid=10007 gids={50007, 3003, 1007, 1028, 1015, 3002, 3001, 2001, 3006}
D/MobileDataStateTracker( 1271): fota: Broadcast received: android.intent.action.ANY_DATA_STATE apnType=fota
D/MobileDataStateTracker( 1271): fota: Received state=DISCONNECTED, old=DISCONNECTED, reason=radioTurnedOff
D/MobileDataStateTracker( 1271): ia: Broadcast received: android.intent.action.ANY_DATA_STATE apnType=ia
D/MobileDataStateTracker( 1271): ia: Received state=DISCONNECTED, old=DISCONNECTED, reason=radioTurnedOff
D/MobileDataStateTracker( 1271): supl: Broadcast received: android.intent.action.ANY_DATA_STATE apnType=supl
D/MobileDataStateTracker( 1271): supl: Received state=DISCONNECTED, old=DISCONNECTED, reason=radioTurnedOff
D/MobileDataStateTracker( 1271): hipri: Broadcast received: android.intent.action.ANY_DATA_STATE apnType=hipri
D/MobileDataStateTracker( 1271): hipri: Received state=DISCONNECTED, old=DISCONNECTED, reason=radioTurnedOff
D/MobileDataStateTracker( 1271): ims: Broadcast received: android.intent.action.ANY_DATA_STATE apnType=ims
D/MobileDataStateTracker( 1271): ims: Received state=DISCONNECTED, old=DISCONNECTED, reason=radioTurnedOff
D/MobileDataStateTracker( 1271): default: Broadcast received: android.intent.action.ANY_DATA_STATE apnType=default
D/MobileDataStateTracker( 1271): default: Received state=DISCONNECTED, old=DISCONNECTED, reason=radioTurnedOff
D/MobileDataStateTracker( 1271): mms: Broadcast received: android.intent.action.ANY_DATA_STATE apnType=mms
D/MobileDataStateTracker( 1271): mms: Received state=DISCONNECTED, old=DISCONNECTED, reason=radioTurnedOff
D/MobileDataStateTracker( 1271): cbs: Broadcast received: android.intent.action.ANY_DATA_STATE apnType=cbs
D/MobileDataStateTracker( 1271): cbs: Received state=DISCONNECTED, old=DISCONNECTED, reason=radioTurnedOff
D/MobileDataStateTracker( 1271): fota: Broadcast received: android.intent.action.ANY_DATA_STATE apnType=fota
D/MobileDataStateTracker( 1271): fota: Received state=DISCONNECTED, old=DISCONNECTED, reason=radioTurnedOff
D/MobileDataStateTracker( 1271): ia: Broadcast received: android.intent.action.ANY_DATA_STATE apnType=ia
D/MobileDataStateTracker( 1271): ia: Received state=DISCONNECTED, old=DISCONNECTED, reason=radioTurnedOff
D/MobileDataStateTracker( 1271): supl: Broadcast received: android.intent.action.ANY_DATA_STATE apnType=supl
D/MobileDataStateTracker( 1271): supl: Received state=DISCONNECTED, old=DISCONNECTED, reason=radioTurnedOff
D/MobileDataStateTracker( 1271): hipri: Broadcast received: android.intent.action.ANY_DATA_STATE apnType=hipri
D/MobileDataStateTracker( 1271): hipri: Received state=DISCONNECTED, old=DISCONNECTED, reason=radioTurnedOff
D/MobileDataStateTracker( 1271): ims: Broadcast received: android.intent.action.ANY_DATA_STATE apnType=ims
D/MobileDataStateTracker( 1271): ims: Received state=DISCONNECTED, old=DISCONNECTED, reason=radioTurnedOff
D/MobileDataStateTracker( 1271): default: Broadcast received: android.intent.action.ANY_DATA_STATE apnType=default
D/MobileDataStateTracker( 1271): default: Received state=DISCONNECTED, old=DISCONNECTED, reason=radioTurnedOff
D/MobileDataStateTracker( 1271): mms: Broadcast received: android.intent.action.ANY_DATA_STATE apnType=mms
D/MobileDataStateTracker( 1271): mms: Received state=DISCONNECTED, old=DISCONNECTED, reason=radioTurnedOff
D/MobileDataStateTracker( 1271): cbs: Broadcast received: android.intent.action.ANY_DATA_STATE apnType=cbs
D/MobileDataStateTracker( 1271): cbs: Received state=DISCONNECTED, old=DISCONNECTED, reason=radioTurnedOff
D/MobileDataStateTracker( 1271): fota: Broadcast received: android.intent.action.ANY_DATA_STATE apnType=fota
D/MobileDataStateTracker( 1271): fota: Received state=DISCONNECTED, old=DISCONNECTED, reason=dataDetached
D/MobileDataStateTracker( 1271): ia: Broadcast received: android.intent.action.ANY_DATA_STATE apnType=ia
D/MobileDataStateTracker( 1271): ia: Received state=DISCONNECTED, old=DISCONNECTED, reason=dataDetached
D/MobileDataStateTracker( 1271): supl: Broadcast received: android.intent.action.ANY_DATA_STATE apnType=supl
D/MobileDataStateTracker( 1271): supl: Received state=DISCONNECTED, old=DISCONNECTED, reason=dataDetached
D/MobileDataStateTracker( 1271): hipri: Broadcast received: android.intent.action.ANY_DATA_STATE apnType=hipri
D/MobileDataStateTracker( 1271): hipri: Received state=DISCONNECTED, old=DISCONNECTED, reason=dataDetached
D/MobileDataStateTracker( 1271): ims: Broadcast received: android.intent.action.ANY_DATA_STATE apnType=ims
D/MobileDataStateTracker( 1271): ims: Received state=DISCONNECTED, old=DISCONNECTED, reason=dataDetached
D/MobileDataStateTracker( 1271): default: Broadcast received: android.intent.action.ANY_DATA_STATE apnType=default
D/MobileDataStateTracker( 1271): default: Received state=DISCONNECTED, old=DISCONNECTED, reason=dataDetached
D/MobileDataStateTracker( 1271): mms: Broadcast received: android.intent.action.ANY_DATA_STATE apnType=mms
D/MobileDataStateTracker( 1271): mms: Received state=DISCONNECTED, old=DISCONNECTED, reason=dataDetached
D/MobileDataStateTracker( 1271): cbs: Broadcast received: android.intent.action.ANY_DATA_STATE apnType=cbs
D/MobileDataStateTracker( 1271): cbs: Received state=DISCONNECTED, old=DISCONNECTED, reason=dataDetached
D/MobileDataStateTracker( 1271): fota: Broadcast received: android.intent.action.ANY_DATA_STATE apnType=fota
D/MobileDataStateTracker( 1271): fota: Received state=DISCONNECTED, old=DISCONNECTED, reason=roamingOff
D/MobileDataStateTracker( 1271): ia: Broadcast received: android.intent.action.ANY_DATA_STATE apnType=ia
D/MobileDataStateTracker( 1271): ia: Received state=DISCONNECTED, old=DISCONNECTED, reason=roamingOff
D/MobileDataStateTracker( 1271): supl: Broadcast received: android.intent.action.ANY_DATA_STATE apnType=supl
D/MobileDataStateTracker( 1271): supl: Received state=DISCONNECTED, old=DISCONNECTED, reason=roamingOff
D/MobileDataStateTracker( 1271): hipri: Broadcast received: android.intent.action.ANY_DATA_STATE apnType=hipri
D/MobileDataStateTracker( 1271): hipri: Received state=DISCONNECTED, old=DISCONNECTED, reason=roamingOff
D/MobileDataStateTracker( 1271): ims: Broadcast received: android.intent.action.ANY_DATA_STATE apnType=ims
D/MobileDataStateTracker( 1271): ims: Received state=DISCONNECTED, old=DISCONNECTED, reason=roamingOff
D/MobileDataStateTracker( 1271): default: Broadcast received: android.intent.action.ANY_DATA_STATE apnType=default
D/MobileDataStateTracker( 1271): default: Received state=DISCONNECTED, old=DISCONNECTED, reason=roamingOff
D/MobileDataStateTracker( 1271): mms: Broadcast received: android.intent.action.ANY_DATA_STATE apnType=mms
D/MobileDataStateTracker( 1271): mms: Received state=DISCONNECTED, old=DISCONNECTED, reason=roamingOff
D/MobileDataStateTracker( 1271): cbs: Broadcast received: android.intent.action.ANY_DATA_STATE apnType=cbs
D/MobileDataStateTracker( 1271): cbs: Received state=DISCONNECTED, old=DISCONNECTED, reason=roamingOff
D/MobileDataStateTracker( 1271): fota: Broadcast received: android.intent.action.ANY_DATA_STATE apnType=fota
D/MobileDataStateTracker( 1271): fota: Received state=DISCONNECTED, old=DISCONNECTED, reason=dataAttached
D/MobileDataStateTracker( 1271): ia: Broadcast received: android.intent.action.ANY_DATA_STATE apnType=ia
D/MobileDataStateTracker( 1271): ia: Received state=DISCONNECTED, old=DISCONNECTED, reason=dataAttached
D/MobileDataStateTracker( 1271): supl: Broadcast received: android.intent.action.ANY_DATA_STATE apnType=supl
D/MobileDataStateTracker( 1271): supl: Received state=DISCONNECTED, old=DISCONNECTED, reason=dataAttached
D/MobileDataStateTracker( 1271): hipri: Broadcast received: android.intent.action.ANY_DATA_STATE apnType=hipri
D/MobileDataStateTracker( 1271): hipri: Received state=DISCONNECTED, old=DISCONNECTED, reason=dataAttached
D/MobileDataStateTracker( 1271): ims: Broadcast received: android.intent.action.ANY_DATA_STATE apnType=ims
D/MobileDataStateTracker( 1271): ims: Received state=DISCONNECTED, old=DISCONNECTED, reason=dataAttached
D/MobileDataStateTracker( 1271): mms: Broadcast received: android.intent.action.ANY_DATA_STATE apnType=mms
D/MobileDataStateTracker( 1271): mms: Received state=DISCONNECTED, old=DISCONNECTED, reason=dataAttached
D/MobileDataStateTracker( 1271): cbs: Broadcast received: android.intent.action.ANY_DATA_STATE apnType=cbs
D/MobileDataStateTracker( 1271): cbs: Received state=DISCONNECTED, old=DISCONNECTED, reason=dataAttached
D/MobileDataStateTracker( 1271): fota: Broadcast received: android.intent.action.ANY_DATA_STATE apnType=fota
D/MobileDataStateTracker( 1271): fota: Received state=DISCONNECTED, old=DISCONNECTED, reason=dataAttached
D/MobileDataStateTracker( 1271): ia: Broadcast received: android.intent.action.ANY_DATA_STATE apnType=ia
D/MobileDataStateTracker( 1271): ia: Received state=DISCONNECTED, old=DISCONNECTED, reason=dataAttached
D/MobileDataStateTracker( 1271): supl: Broadcast received: android.intent.action.ANY_DATA_STATE apnType=supl
D/MobileDataStateTracker( 1271): supl: Received state=DISCONNECTED, old=DISCONNECTED, reason=dataAttached
D/MobileDataStateTracker( 1271): hipri: Broadcast received: android.intent.action.ANY_DATA_STATE apnType=hipri
D/MobileDataStateTracker( 1271): hipri: Received state=DISCONNECTED, old=DISCONNECTED, reason=dataAttached
D/MobileDataStateTracker( 1271): ims: Broadcast received: android.intent.action.ANY_DATA_STATE apnType=ims
D/MobileDataStateTracker( 1271): ims: Received state=DISCONNECTED, old=DISCONNECTED, reason=dataAttached
D/MobileDataStateTracker( 1271): mms: Broadcast received: android.intent.action.ANY_DATA_STATE apnType=mms
D/MobileDataStateTracker( 1271): mms: Received state=DISCONNECTED, old=DISCONNECTED, reason=dataAttached
D/MobileDataStateTracker( 1271): cbs: Broadcast received: android.intent.action.ANY_DATA_STATE apnType=cbs
D/MobileDataStateTracker( 1271): cbs: Received state=DISCONNECTED, old=DISCONNECTED, reason=dataAttached
D/MccTable( 1401): updateMccMncConfiguration: mcc=310, mnc=260
D/MccTable( 1401): getLocaleFromMcc to en_us mcc=310
D/MccTable( 1401): getLocaleForLanguageCountry: skipping already persisted
D/MccTable( 1401): getLocaleForLanguageCountry: X locale=null
D/MccTable( 1401): WIFI_COUNTRY_CODE set to us
I/WifiService( 1271): WifiService trying to set country code to us with persist set to true
D/MccTable( 1401): updateMccMncConfiguration updateConfig config={1.0 310mcc260mnc ?locale ?layoutDir ?swdp ?wdp ?hdp ?density ?lsize ?long ?orien ?uimode ?night ?touch ?keyb/?/? ?nav/?}
I/ActivityManager( 1271): Config changes=3 {1.0 310mcc260mnc en_US ldltr sw384dp w384dp h567dp 320dpi nrml port finger qwerty/v/v -nav/h s.6}
D/MccTable( 1401): updateMccMncConfiguration: mcc=310, mnc=260
D/MccTable( 1401): getLocaleFromMcc to en_us mcc=310
D/MccTable( 1401): getLocaleForLanguageCountry: skipping already persisted
D/MccTable( 1401): getLocaleForLanguageCountry: X locale=null
D/MccTable( 1401): WIFI_COUNTRY_CODE set to us
I/WifiService( 1271): WifiService trying to set country code to us with persist set to true
D/MccTable( 1401): updateMccMncConfiguration updateConfig config={1.0 310mcc260mnc ?locale ?layoutDir ?swdp ?wdp ?hdp ?density ?lsize ?long ?orien ?uimode ?night ?touch ?keyb/?/? ?nav/?}
V/KeyguardTouchDelegate( 1321): Connected to keyguard
D/MobileDataStateTracker( 1271): fota: Broadcast received: android.intent.action.ANY_DATA_STATE apnType=fota
D/MobileDataStateTracker( 1271): fota: Received state=DISCONNECTED, old=DISCONNECTED, reason=simLoaded
D/MobileDataStateTracker( 1271): ia: Broadcast received: android.intent.action.ANY_DATA_STATE apnType=ia
D/MobileDataStateTracker( 1271): ia: Received state=DISCONNECTED, old=DISCONNECTED, reason=simLoaded
D/MobileDataStateTracker( 1271): supl: Broadcast received: android.intent.action.ANY_DATA_STATE apnType=supl
D/MobileDataStateTracker( 1271): supl: Received state=DISCONNECTED, old=DISCONNECTED, reason=simLoaded
D/MobileDataStateTracker( 1271): hipri: Broadcast received: android.intent.action.ANY_DATA_STATE apnType=hipri
D/MobileDataStateTracker( 1271): hipri: Received state=DISCONNECTED, old=DISCONNECTED, reason=simLoaded
D/MobileDataStateTracker( 1271): ims: Broadcast received: android.intent.action.ANY_DATA_STATE apnType=ims
D/MobileDataStateTracker( 1271): ims: Received state=DISCONNECTED, old=DISCONNECTED, reason=simLoaded
D/MobileDataStateTracker( 1271): mms: Broadcast received: android.intent.action.ANY_DATA_STATE apnType=mms
D/MobileDataStateTracker( 1271): mms: Received state=DISCONNECTED, old=DISCONNECTED, reason=simLoaded
D/MobileDataStateTracker( 1271): cbs: Broadcast received: android.intent.action.ANY_DATA_STATE apnType=cbs
D/MobileDataStateTracker( 1271): cbs: Received state=DISCONNECTED, old=DISCONNECTED, reason=simLoaded
D/MobileDataStateTracker( 1271): default: Broadcast received: android.intent.action.ANY_DATA_STATE apnType=default
D/MobileDataStateTracker( 1271): default: Received state=CONNECTING, old=DISCONNECTED, reason=simLoaded
D/MobileDataStateTracker( 1271): default: setDetailed state, old =IDLE and new state=CONNECTING
D/MobileDataStateTracker( 1271): fota: Broadcast received: android.intent.action.ANY_DATA_STATE apnType=fota
D/MobileDataStateTracker( 1271): fota: Received state=DISCONNECTED, old=DISCONNECTED, reason=simLoaded
D/MobileDataStateTracker( 1271): ia: Broadcast received: android.intent.action.ANY_DATA_STATE apnType=ia
D/MobileDataStateTracker( 1271): ia: Received state=DISCONNECTED, old=DISCONNECTED, reason=simLoaded
D/MobileDataStateTracker( 1271): supl: Broadcast received: android.intent.action.ANY_DATA_STATE apnType=supl
D/MobileDataStateTracker( 1271): supl: Received state=DISCONNECTED, old=DISCONNECTED, reason=simLoaded
D/MobileDataStateTracker( 1271): hipri: Broadcast received: android.intent.action.ANY_DATA_STATE apnType=hipri
D/MobileDataStateTracker( 1271): hipri: Received state=DISCONNECTED, old=DISCONNECTED, reason=simLoaded
D/MobileDataStateTracker( 1271): ims: Broadcast received: android.intent.action.ANY_DATA_STATE apnType=ims
D/MobileDataStateTracker( 1271): ims: Received state=DISCONNECTED, old=DISCONNECTED, reason=simLoaded
D/MobileDataStateTracker( 1271): mms: Broadcast received: android.intent.action.ANY_DATA_STATE apnType=mms
D/MobileDataStateTracker( 1271): mms: Received state=DISCONNECTED, old=DISCONNECTED, reason=simLoaded
D/MobileDataStateTracker( 1271): cbs: Broadcast received: android.intent.action.ANY_DATA_STATE apnType=cbs
D/MobileDataStateTracker( 1271): cbs: Received state=DISCONNECTED, old=DISCONNECTED, reason=simLoaded
D/MobileDataStateTracker( 1271): default: Broadcast received: android.intent.action.ANY_DATA_STATE apnType=default
D/MobileDataStateTracker( 1271): default: Received state=CONNECTED, old=CONNECTING, reason=connected
D/MobileDataStateTracker( 1271): default: setDetailed state, old =CONNECTING and new state=CONNECTED
D/ConnectivityService( 1271): ConnectivityChange for mobile: CONNECTED/CONNECTED
D/ConnectivityService( 1271): ConnectivityChange checkMobileProvisioning for TYPE_MOBILE or ProvisioningNetwork
D/ConnectivityService( 1271): checkMobileProvisioning: E suggestedTimeOutMs=60000
D/ConnectivityService( 1271): setProvNotificationVisible: E visible=false networkType=5 extraInfo=null url=null
D/ConnectivityService( 1271): checkMobileProvisioning: params={ url=http://clients3.google.com/generate_204 mTimeOutMs=60000 mCb=com.android.server.ConnectivityService$5@b1376158}
D/ConnectivityService( 1271): checkMobileProvisioning: X
D/MobileDataStateTracker( 1271): default: isProvisioningNetwork: retVal=false
D/ConnectivityService( 1271): [CheckMp] isMobileOk: isDefaultProvisioning=false
D/MobileDataStateTracker( 1271): hipri: isProvisioningNetwork: retVal=false
D/ConnectivityService( 1271): [CheckMp] isMobileOk: isHipriProvisioning=false
D/ConnectivityService( 1271): [CheckMp] isMobileOk: start hipri url=http://clients3.google.com/generate_204
D/ConnectivityService( 1271): startUsingNetworkFeature reconnecting to 0: enableHIPRI
D/MobileDataStateTracker( 1271): hipri: Broadcast received: android.intent.action.ANY_DATA_STATE apnType=hipri
D/MobileDataStateTracker( 1271): hipri: Received state=CONNECTING, old=DISCONNECTED, reason=dataEnabled
D/MobileDataStateTracker( 1271): hipri: setDetailed state, old =IDLE and new state=CONNECTING
D/ConnectivityService( 1271): startUsingNetworkFeature X: return APN_REQUEST_STARTED
D/ConnectivityService( 1271): [CheckMp] isMobileOk: hipri started
D/ConnectivityService( 1271): [CheckMp] isMobileOk: not connected ni=NetworkInfo: type: mobile_hipri[UMTS], state: DISCONNECTED/IDLE, reason: (unspecified), extra: (none), roaming: false, failover: false, isAvailable: true, isConnectedToProvisioningNetwork: false
D/Nat464Xlat( 1271): requiresClat: netType=0, hasIPv4Address=true
D/MobileDataStateTracker( 1271): fota: Broadcast received: android.intent.action.ANY_DATA_STATE apnType=fota
D/MobileDataStateTracker( 1271): fota: Received state=DISCONNECTED, old=DISCONNECTED, reason=dataEnabled
D/MobileDataStateTracker( 1271): ia: Broadcast received: android.intent.action.ANY_DATA_STATE apnType=ia
D/MobileDataStateTracker( 1271): ia: Received state=DISCONNECTED, old=DISCONNECTED, reason=dataEnabled
D/MobileDataStateTracker( 1271): supl: Broadcast received: android.intent.action.ANY_DATA_STATE apnType=supl
D/MobileDataStateTracker( 1271): supl: Received state=DISCONNECTED, old=DISCONNECTED, reason=dataEnabled
D/MobileDataStateTracker( 1271): ims: Broadcast received: android.intent.action.ANY_DATA_STATE apnType=ims
D/MobileDataStateTracker( 1271): ims: Received state=DISCONNECTED, old=DISCONNECTED, reason=dataEnabled
D/MobileDataStateTracker( 1271): mms: Broadcast received: android.intent.action.ANY_DATA_STATE apnType=mms
D/MobileDataStateTracker( 1271): mms: Received state=DISCONNECTED, old=DISCONNECTED, reason=dataEnabled
D/MobileDataStateTracker( 1271): cbs: Broadcast received: android.intent.action.ANY_DATA_STATE apnType=cbs
D/MobileDataStateTracker( 1271): cbs: Received state=DISCONNECTED, old=DISCONNECTED, reason=dataEnabled
D/MobileDataStateTracker( 1271): hipri: Broadcast received: android.intent.action.ANY_DATA_STATE apnType=hipri
D/MobileDataStateTracker( 1271): hipri: Received state=CONNECTED, old=CONNECTING, reason=dataEnabled
D/MobileDataStateTracker( 1271): hipri: setDetailed state, old =IDLE and new state=CONNECTED
D/ConnectivityService( 1271): ConnectivityChange for mobile_hipri: CONNECTED/CONNECTED
E/ConnectivityService( 1271): Exception trying to add a route: java.lang.IllegalStateException: command '12 interface fwmark exempt add 10.0.2.2/32' failed with '400 12 Failed to add exemption rule (File exists)'
E/ConnectivityService( 1271): Exception trying to add a route: java.lang.IllegalStateException: command '14 interface fwmark exempt add 10.0.2.3/32' failed with '400 14 Failed to add exemption rule (File exists)'
E/ConnectivityService( 1271): Exception trying to add a route: java.lang.IllegalStateException: command '15 interface route add eth0 secondary 10.0.2.2 32 0.0.0.0' failed with '400 15 ip route modification failed (No such device)'
W/FrameworkListener(  931): Handler 'interface' error (No such device)
E/ConnectivityService( 1271): Exception trying to add a route: java.lang.IllegalStateException: command '16 interface route add eth0 secondary 0.0.0.0 0 10.0.2.2' failed with '400 16 ip route modification failed (No such device)'
D/Nat464Xlat( 1271): requiresClat: netType=5, hasIPv4Address=true
W/FrameworkListener(  931): Handler 'interface' error (No such device)
I/ActivityManager( 1271): Start proc com.android.settings for broadcast com.android.settings/.widget.SettingsAppWidgetProvider: pid=1550 uid=1000 gids={41000, 1028, 1015, 3002, 3001, 3003}
I/ActivityManager( 1271): Start proc com.android.music for broadcast com.android.music/.MediaButtonIntentReceiver: pid=1577 uid=10035 gids={50035, 3003, 1028, 1015}
I/ActivityManager( 1271): Start proc android.process.media for broadcast com.android.providers.downloads/.DownloadReceiver: pid=1590 uid=10005 gids={50005, 1028, 1015, 1023, 1024, 2001, 3003, 3007}
I/ActivityManager( 1271): Start proc com.android.externalstorage for broadcast com.android.externalstorage/.MountReceiver: pid=1608 uid=10006 gids={50006, 1028, 1015, 1023}
I/ActivityManager( 1271): Delay finish: com.google.android.gms/.init.InitializeGmsReceiver
W/WindowManager( 1271): Window freeze timeout expired.
W/WindowManager( 1271): Force clearing orientation change: Window{b13f0f68 u0 NavigationBar}
W/WindowManager( 1271): Force clearing orientation change: Window{b12e9a78 u0 StatusBar}
W/WindowManager( 1271): Force clearing orientation change: Window{b129e6f8 u0 Keyguard}
W/WindowManager( 1271): Force clearing orientation change: Window{b13e1510 u0 com.android.systemui.ImageWallpaper}
I/WindowManager( 1271): Screen frozen for +1s603ms due to Window{b13f0f68 u0 NavigationBar}
D/MobileDataStateTracker( 1271): hipri: isProvisioningNetwork: retVal=false
D/ConnectivityService( 1271): [CheckMp] isMobileOk: isProvisioningNetwork is false, continue
D/ConnectivityService( 1271): [CheckMp] isMobileOk: addresses=clients3.google.com/81.218.16.241,clients3.google.com/81.218.16.251,clients3.google.com/81.218.16.247,clients3.google.com/81.218.16.227,clients3.google.com/81.218.16.242,clients3.google.com/81.218.16.246,clients3.google.com/81.218.16.237,clients3.google.com/81.218.16.226,clients3.google.com/81.218.16.222,clients3.google.com/81.218.16.231,clients3.google.com/81.218.16.216,clients3.google.com/81.218.16.232,clients3.google.com/81.218.16.217,clients3.google.com/81.218.16.221,clients3.google.com/81.218.16.212,clients3.google.com/81.218.16.236
D/ConnectivityService( 1271): [CheckMp] isMobileOk: linkHasIpv4=true linkHasIpv6=false
E/ConnectivityService( 1271): Exception trying to add a route: java.lang.IllegalStateException: command '18 interface fwmark exempt add 10.0.2.2/32' failed with '400 18 Failed to add exemption rule (File exists)'
E/ConnectivityService( 1271): Exception trying to add a route: java.lang.IllegalStateException: command '20 interface fwmark exempt add 81.218.16.216/32' failed with '400 20 Failed to add exemption rule (File exists)'
D/ConnectivityService( 1271): requestRouteToHostAddress ok=false
D/ConnectivityService( 1271): [CheckMp] isMobileOk: could not establish route to hostAddr=clients3.google.com/81.218.16.216
E/ConnectivityService( 1271): Exception trying to add a route: java.lang.IllegalStateException: command '22 interface fwmark exempt add 10.0.2.2/32' failed with '400 22 Failed to add exemption rule (File exists)'
E/ConnectivityService( 1271): Exception trying to add a route: java.lang.IllegalStateException: command '24 interface fwmark exempt add 81.218.16.221/32' failed with '400 24 Failed to add exemption rule (File exists)'
D/ConnectivityService( 1271): requestRouteToHostAddress ok=false
D/ConnectivityService( 1271): [CheckMp] isMobileOk: could not establish route to hostAddr=clients3.google.com/81.218.16.221
E/ConnectivityService( 1271): Exception trying to add a route: java.lang.IllegalStateException: command '26 interface fwmark exempt add 10.0.2.2/32' failed with '400 26 Failed to add exemption rule (File exists)'
E/ConnectivityService( 1271): Exception trying to add a route: java.lang.IllegalStateException: command '28 interface fwmark exempt add 81.218.16.237/32' failed with '400 28 Failed to add exemption rule (File exists)'
D/ConnectivityService( 1271): requestRouteToHostAddress ok=false
D/ConnectivityService( 1271): [CheckMp] isMobileOk: could not establish route to hostAddr=clients3.google.com/81.218.16.237
E/ConnectivityService( 1271): Exception trying to add a route: java.lang.IllegalStateException: command '30 interface fwmark exempt add 10.0.2.2/32' failed with '400 30 Failed to add exemption rule (File exists)'
E/ConnectivityService( 1271): Exception trying to add a route: java.lang.IllegalStateException: command '32 interface fwmark exempt add 81.218.16.222/32' failed with '400 32 Failed to add exemption rule (File exists)'
D/ConnectivityService( 1271): requestRouteToHostAddress ok=false
D/ConnectivityService( 1271): [CheckMp] isMobileOk: could not establish route to hostAddr=clients3.google.com/81.218.16.222
D/ConnectivityService( 1271): [CheckMp] isMobileOk: too many loops tried - giving up
D/ConnectivityService( 1271): [CheckMp] isMobileOk: X loops|timed out result=0
D/ConnectivityService( 1271): [CheckMp] isMobileOk: F stop hipri
D/MobileDataStateTracker( 1271): default: setEnableFailFastMobileData(enabled=0)
D/ConnectivityService( 1271): stopUsingNetworkFeature: teardown net 0: enableHIPRI
D/MobileDataStateTracker( 1271): hipri: Broadcast received: android.intent.action.ANY_DATA_STATE apnType=hipri
D/MobileDataStateTracker( 1271): hipri: Received state=DISCONNECTED, old=CONNECTED, reason=dataDisabled
D/MobileDataStateTracker( 1271): hipri: setDetailed state, old =CONNECTED and new state=DISCONNECTED
D/ConnectivityService( 1271): ConnectivityChange for mobile_hipri: DISCONNECTED/DISCONNECTED
W/FrameworkListener(  931): Handler 'interface' error (No such device)
W/FrameworkListener(  931): Handler 'interface' error (No such device)
D/Nat464Xlat( 1271): requiresClat: netType=5, hasIPv4Address=true
I/ActivityManager( 1271): Waited long enough for: ServiceRecord{b1371d80 u0 com.android.music/.MediaPlaybackService}
I/ActivityManager( 1271): Resuming delayed broadcast
I/ActivityManager( 1271): Delay finish: com.google.android.gms/.gcm.ServiceAutoStarter
D/ConnectivityService( 1271): handleInetConditionHoldEnd: net=0, condition=100, published condition=0
D/ConnectivityService( 1271): [CheckMp] isMobileOk: X result=0
D/ConnectivityService( 1271): [CheckMp] onPostExecute: result=0
D/ConnectivityService( 1271): CheckMp.onComplete: result=0
D/ConnectivityService( 1271): CheckMp.onComplete: ignore, connected or no connection
I/ActivityManager( 1271): Waited long enough for: ServiceRecord{b1477858 u0 com.google.android.gms/.gcm.GcmService}
I/ActivityManager( 1271): Resuming delayed broadcast
I/ActivityManager( 1271): Delay finish: com.google.android.gms/.init.InitializeGmsReceiver
I/ActivityManager( 1271): Resuming delayed broadcast
I/ActivityManager( 1271): Start proc com.android.deskclock for broadcast com.android.deskclock/com.android.alarmclock.AnalogAppWidgetProvider: pid=3612 uid=10021 gids={50021, 1028}
I/ActivityManager( 1271): Start proc com.android.dialer for broadcast com.android.dialer/.calllog.CallLogReceiver: pid=3625 uid=10004 gids={50004, 3003, 1028, 1015}
I/ActivityManager( 1271): Delay finish: com.android.dialer/.calllog.CallLogReceiver
I/ActivityManager( 1271): Resuming delayed broadcast
V/WiredAccessoryManager( 1271): init()
I/PowerManagerService( 1271): Boot animation finished.
I/BootReceiver( 1271): Copying audit failures to DropBox
I/BootReceiver( 1271): Checking for fsck errors
I/BootReceiver( 1271): Copying /data/tombstones/tombstone_00 to DropBox (SYSTEM_TOMBSTONE)
I/ActivityManager( 1271): Start proc com.android.providers.calendar for broadcast com.android.providers.calendar/.CalendarReceiver: pid=3672 uid=10001 gids={50001, 3003, 1028, 1015}
I/ActivityManager( 1271): Delay finish: com.android.providers.calendar/.CalendarReceiver
I/ActivityManager( 1271): Resuming delayed broadcast
I/ActivityManager( 1271): Delay finish: com.android.providers.downloads/.DownloadReceiver
I/ActivityManager( 1271): Resuming delayed broadcast
I/ActivityManager( 1271): Delay finish: com.google.android.gsf/.checkin.CheckinService$Receiver
I/ActivityManager( 1271): Resuming delayed broadcast
I/ActivityManager( 1271): Delay finish: com.google.android.gsf/.update.SystemUpdateService$Receiver
I/SystemUpdateService( 1490): cancelUpdate (empty URL)
I/SystemUpdateService( 1490): cancelUpdate (empty URL)
I/ActivityManager( 1271): Resuming delayed broadcast
I/ActivityManager( 1271): Delay finish: com.android.providers.media/.MediaScannerReceiver
I/ActivityManager( 1271): Resuming delayed broadcast
I/ActivityManager( 1271): Start proc com.android.mms for broadcast com.android.mms/.transaction.MmsSystemEventReceiver: pid=3838 uid=10010 gids={50010, 3003, 1028, 1015}
D/CountryDetector( 1271): The first listener is added
I/ActivityManager( 1271): Delay finish: com.android.mms/.transaction.MmsSystemEventReceiver
I/ActivityManager( 1271): Resuming delayed broadcast
I/ActivityManager( 1271): Delay finish: com.android.mms/.transaction.SmsReceiver
I/ActivityManager( 1271): Resuming delayed broadcast
I/ActivityManager( 1271): Delay finish: com.google.android.gms/.app.receiver.SystemBroadcastReceiver
I/ActivityManager( 1271): Resuming delayed broadcast
I/ActivityManager( 1271): Start proc com.android.calendar for broadcast com.android.calendar/.alerts.AlertReceiver: pid=3954 uid=10017 gids={50017, 3003}
I/ActivityManager( 1271): Delay finish: com.android.calendar/.alerts.AlertReceiver
I/ActivityManager( 1271): Start proc com.android.defcontainer for service com.android.defcontainer/.DefaultContainerService: pid=4502 uid=10003 gids={50003, 1028, 1015, 1023, 2001, 1035}
W/ActivityManager( 1271): No content provider found for permission revoke: file:///data/local/tmp/Ionic03-debug-unaligned.apk
I/ActivityManager( 1271): Waited long enough for: ServiceRecord{b1391d88 u0 com.android.calendar/.alerts.InitAlarmsService}
I/ActivityManager( 1271): Resuming delayed broadcast
I/ActivityManager( 1271): Start proc com.android.email for broadcast com.android.email/.service.EmailBroadcastReceiver: pid=5141 uid=10025 gids={50025, 3003, 1028, 1015}
I/ActivityManager( 1271): Delay finish: com.android.email/.service.EmailBroadcastReceiver
